Release 14.7 - xst P.20131013 (nt64)
Copyright (c) 1995-2013 Xilinx, Inc.  All rights reserved.
--> Parameter TMPDIR set to xst/projnav.tmp


Total REAL time to Xst completion: 0.00 secs
Total CPU time to Xst completion: 0.06 secs
 
--> Parameter xsthdpdir set to xst


Total REAL time to Xst completion: 0.00 secs
Total CPU time to Xst completion: 0.06 secs
 
--> Reading design: LIFO.prj

TABLE OF CONTENTS
  1) Synthesis Options Summary
  2) HDL Parsing
  3) HDL Elaboration
  4) HDL Synthesis
       4.1) HDL Synthesis Report
  5) Advanced HDL Synthesis
       5.1) Advanced HDL Synthesis Report
  6) Low Level Synthesis
  7) Partition Report
  8) Design Summary
       8.1) Primitive and Black Box Usage
       8.2) Device utilization summary
       8.3) Partition Resource Summary
       8.4) Timing Report
            8.4.1) Clock Information
            8.4.2) Asynchronous Control Signals Information
            8.4.3) Timing Summary
            8.4.4) Timing Details
            8.4.5) Cross Clock Domains Report


=========================================================================
*                      Synthesis Options Summary                        *
=========================================================================
---- Source Parameters
Input File Name                    : "LIFO.prj"
Ignore Synthesis Constraint File   : NO

---- Target Parameters
Output File Name                   : "LIFO"
Output Format                      : NGC
Target Device                      : xc7a100t-2-csg324

---- Source Options
Top Module Name                    : LIFO
Automatic FSM Extraction           : YES
FSM Encoding Algorithm             : Auto
Safe Implementation                : No
FSM Style                          : LUT
RAM Extraction                     : Yes
RAM Style                          : Auto
ROM Extraction                     : Yes
Shift Register Extraction          : YES
ROM Style                          : Auto
Resource Sharing                   : YES
Asynchronous To Synchronous        : NO
Shift Register Minimum Size        : 2
Use DSP Block                      : Auto
Automatic Register Balancing       : No

---- Target Options
LUT Combining                      : Auto
Reduce Control Sets                : Auto
Add IO Buffers                     : YES
Global Maximum Fanout              : 100000
Add Generic Clock Buffer(BUFG)     : 32
Register Duplication               : YES
Optimize Instantiated Primitives   : NO
Use Clock Enable                   : Auto
Use Synchronous Set                : Auto
Use Synchronous Reset              : Auto
Pack IO Registers into IOBs        : Auto
Equivalent register Removal        : YES

---- General Options
Optimization Goal                  : Speed
Optimization Effort                : 1
Power Reduction                    : NO
Keep Hierarchy                     : No
Netlist Hierarchy                  : As_Optimized
RTL Output                         : Yes
Global Optimization                : AllClockNets
Read Cores                         : YES
Write Timing Constraints           : NO
Cross Clock Analysis               : NO
Hierarchy Separator                : /
Bus Delimiter                      : <>
Case Specifier                     : Maintain
Slice Utilization Ratio            : 100
BRAM Utilization Ratio             : 100
DSP48 Utilization Ratio            : 100
Auto BRAM Packing                  : NO
Slice Utilization Ratio Delta      : 5

=========================================================================


=========================================================================
*                          HDL Parsing                                  *
=========================================================================
Parsing VHDL file "E:\Master Degree\PCSUPL\Stack\StackMP.vhd" into library work
Parsing package <StackMP>.
Parsing package body <StackMP>.
Parsing VHDL file "E:\Master Degree\PCSUPL\Stack\LIFO.vhd" into library work
Parsing entity <LIFO>.
Parsing architecture <Behavioral> of entity <lifo>.

=========================================================================
*                            HDL Elaboration                            *
=========================================================================

Elaborating entity <LIFO> (architecture <Behavioral>) with generics from library <work>.
INFO:HDLCompiler:679 - "E:\Master Degree\PCSUPL\Stack\LIFO.vhd" Line 133. Case statement is complete. others clause is never selected

=========================================================================
*                           HDL Synthesis                               *
=========================================================================

Synthesizing Unit <LIFO>.
    Related source file is "E:\Master Degree\PCSUPL\Stack\LIFO.vhd".
        Size = 6
    Found 8-bit register for signal <s_lifo_regs<1>>.
    Found 8-bit register for signal <s_lifo_regs<2>>.
    Found 8-bit register for signal <s_lifo_regs<3>>.
    Found 8-bit register for signal <s_lifo_regs<4>>.
    Found 8-bit register for signal <s_lifo_regs<5>>.
    Found 8-bit register for signal <s_lifo_regs<0>>.
    Found 2-bit register for signal <s_lifo_state>.
    Found 3-bit register for signal <process_LIFO.pointer>.
    Found 2-bit register for signal <n0291[1:0]>.
    Found finite state machine <FSM_0> for signal <s_lifo_state>.
    -----------------------------------------------------------------------
    | States             | 3                                              |
    | Transitions        | 16                                             |
    | Inputs             | 7                                              |
    | Outputs            | 2                                              |
    | Clock              | CLK (rising_edge)                              |
    | Reset              | RST (positive)                                 |
    | Reset type         | asynchronous                                   |
    | Reset State        | l_empty                                        |
    | Power Up State     | l_empty                                        |
    | Encoding           | auto                                           |
    | Implementation     | LUT                                            |
    -----------------------------------------------------------------------
    Found 3-bit adder for signal <process_LIFO.pointer[2]_GND_6_o_add_17_OUT> created at line 85.
    Found 3-bit subtractor for signal <GND_6_o_GND_6_o_sub_147_OUT<2:0>> created at line 127.
    Found 3-bit subtractor for signal <GND_6_o_GND_6_o_sub_207_OUT<2:0>> created at line 142.
    Found 8-bit 3-to-1 multiplexer for signal <s_lifo_state[1]_X_6_o_wide_mux_177_OUT> created at line 76.
    Found 8-bit 3-to-1 multiplexer for signal <s_lifo_state[1]_X_6_o_wide_mux_178_OUT> created at line 76.
    Found 8-bit 3-to-1 multiplexer for signal <s_lifo_state[1]_X_6_o_wide_mux_179_OUT> created at line 76.
    Found 8-bit 3-to-1 multiplexer for signal <s_lifo_state[1]_X_6_o_wide_mux_180_OUT> created at line 76.
    Found 8-bit 3-to-1 multiplexer for signal <s_lifo_state[1]_X_6_o_wide_mux_181_OUT> created at line 76.
    Found 8-bit 3-to-1 multiplexer for signal <s_lifo_state[1]_X_6_o_wide_mux_182_OUT> created at line 76.
    Found 2-bit 3-to-1 multiplexer for signal <s_lifo_state[1]_X_6_o_wide_mux_184_OUT> created at line 76.
    Found 8-bit 6-to-1 multiplexer for signal <TOS> created at line 140.
    Found 8-bit 6-to-1 multiplexer for signal <GND_6_o_X_6_o_wide_mux_207_OUT> created at line 142.
    Found 8-bit 4-to-1 multiplexer for signal <s_lifo_regs[0][7]_s_lifo_regs[0][7]_mux_113_OUT> created at line 84.
    Found 8-bit 4-to-1 multiplexer for signal <s_lifo_regs[1][7]_s_lifo_regs[1][7]_mux_114_OUT> created at line 84.
    Found 8-bit 4-to-1 multiplexer for signal <s_lifo_regs[2][7]_s_lifo_regs[2][7]_mux_115_OUT> created at line 84.
    Found 8-bit 4-to-1 multiplexer for signal <s_lifo_regs[3][7]_s_lifo_regs[3][7]_mux_116_OUT> created at line 84.
    Found 8-bit 4-to-1 multiplexer for signal <s_lifo_regs[4][7]_s_lifo_regs[4][7]_mux_117_OUT> created at line 84.
    Found 8-bit 4-to-1 multiplexer for signal <s_lifo_regs[5][7]_s_lifo_regs[5][7]_mux_118_OUT> created at line 84.
    Found 1-bit 4-to-1 multiplexer for signal <s_lifo_flags_empty_s_lifo_flags_empty_MUX_20_o> created at line 84.
    Found 8-bit 4-to-1 multiplexer for signal <s_lifo_regs[0][7]_s_lifo_regs[0][7]_mux_168_OUT> created at line 118.
    Found 8-bit 4-to-1 multiplexer for signal <s_lifo_regs[1][7]_s_lifo_regs[1][7]_mux_169_OUT> created at line 118.
    Found 8-bit 4-to-1 multiplexer for signal <s_lifo_regs[2][7]_s_lifo_regs[2][7]_mux_170_OUT> created at line 118.
    Found 8-bit 4-to-1 multiplexer for signal <s_lifo_regs[3][7]_s_lifo_regs[3][7]_mux_171_OUT> created at line 118.
    Found 8-bit 4-to-1 multiplexer for signal <s_lifo_regs[4][7]_s_lifo_regs[4][7]_mux_172_OUT> created at line 118.
    Found 8-bit 4-to-1 multiplexer for signal <s_lifo_regs[5][7]_s_lifo_regs[5][7]_mux_173_OUT> created at line 118.
    Summary:
	inferred   3 Adder/Subtractor(s).
	inferred  53 D-type flip-flop(s).
	inferred  77 Multiplexer(s).
	inferred   1 Finite State Machine(s).
Unit <LIFO> synthesized.

=========================================================================
HDL Synthesis Report

Macro Statistics
# Adders/Subtractors                                   : 3
 3-bit adder                                           : 1
 3-bit subtractor                                      : 2
# Registers                                            : 8
 2-bit register                                        : 1
 3-bit register                                        : 1
 8-bit register                                        : 6
# Multiplexers                                         : 77
 1-bit 2-to-1 multiplexer                              : 7
 1-bit 4-to-1 multiplexer                              : 1
 2-bit 2-to-1 multiplexer                              : 1
 2-bit 3-to-1 multiplexer                              : 1
 3-bit 2-to-1 multiplexer                              : 4
 8-bit 2-to-1 multiplexer                              : 43
 8-bit 3-to-1 multiplexer                              : 6
 8-bit 4-to-1 multiplexer                              : 12
 8-bit 6-to-1 multiplexer                              : 2
# FSMs                                                 : 1

=========================================================================

=========================================================================
*                       Advanced HDL Synthesis                          *
=========================================================================


=========================================================================
Advanced HDL Synthesis Report

Macro Statistics
# Adders/Subtractors                                   : 3
 3-bit adder                                           : 1
 3-bit subtractor                                      : 2
# Registers                                            : 53
 Flip-Flops                                            : 53
# Multiplexers                                         : 77
 1-bit 2-to-1 multiplexer                              : 7
 1-bit 4-to-1 multiplexer                              : 1
 2-bit 2-to-1 multiplexer                              : 1
 2-bit 3-to-1 multiplexer                              : 1
 3-bit 2-to-1 multiplexer                              : 4
 8-bit 2-to-1 multiplexer                              : 43
 8-bit 3-to-1 multiplexer                              : 6
 8-bit 4-to-1 multiplexer                              : 12
 8-bit 6-to-1 multiplexer                              : 2
# FSMs                                                 : 1

=========================================================================

=========================================================================
*                         Low Level Synthesis                           *
=========================================================================
Analyzing FSM <MFsm> for best encoding.
Optimizing FSM <FSM_0> on signal <s_lifo_state[1:2]> with gray encoding.
----------------------
 State    | Encoding
----------------------
 l_empty  | 00
 l_normal | 01
 l_full   | 11
----------------------

Optimizing unit <LIFO> ...
INFO:Xst:2261 - The FF/Latch <s_lifo_flags_full_0> in Unit <LIFO> is equivalent to the following FF/Latch, which will be removed : <s_lifo_state_FSM_FFd1> 
INFO:Xst:3203 - The FF/Latch <s_lifo_state_FSM_FFd2> in Unit <LIFO> is the opposite to the following FF/Latch, which will be removed : <s_lifo_flags_full_1> 

Mapping all equations...
Building and optimizing final netlist ...
Found area constraint ratio of 100 (+ 5) on block LIFO, actual ratio is 0.
FlipFlop process_LIFO.pointer_0 has been replicated 1 time(s)
FlipFlop s_lifo_flags_full_0 has been replicated 1 time(s)
FlipFlop s_lifo_state_FSM_FFd2 has been replicated 1 time(s)

Final Macro Processing ...

=========================================================================
Final Register Report

Macro Statistics
# Registers                                            : 56
 Flip-Flops                                            : 56

=========================================================================

=========================================================================
*                           Partition Report                            *
=========================================================================

Partition Implementation Status
-------------------------------

  No Partitions were found in this design.

-------------------------------

=========================================================================
*                            Design Summary                             *
=========================================================================

Top Level Output File Name         : LIFO.ngc

Primitive and Black Box Usage:
------------------------------
# BELS                             : 223
#      GND                         : 1
#      INV                         : 1
#      LUT2                        : 10
#      LUT3                        : 41
#      LUT4                        : 14
#      LUT5                        : 39
#      LUT6                        : 106
#      MUXF7                       : 11
# FlipFlops/Latches                : 56
#      FDC                         : 2
#      FDCE                        : 54
# Clock Buffers                    : 1
#      BUFGP                       : 1
# IO Buffers                       : 30
#      IBUF                        : 12
#      OBUF                        : 18

Device utilization summary:
---------------------------

Selected Device : 7a100tcsg324-2 


Slice Logic Utilization: 
 Number of Slice Registers:              56  out of  126800     0%  
 Number of Slice LUTs:                  211  out of  63400     0%  
    Number used as Logic:               211  out of  63400     0%  

Slice Logic Distribution: 
 Number of LUT Flip Flop pairs used:    214
   Number with an unused Flip Flop:     158  out of    214    73%  
   Number with an unused LUT:             3  out of    214     1%  
   Number of fully used LUT-FF pairs:    53  out of    214    24%  
   Number of unique control sets:         3

IO Utilization: 
 Number of IOs:                          31
 Number of bonded IOBs:                  31  out of    210    14%  

Specific Feature Utilization:
 Number of BUFG/BUFGCTRLs:                1  out of     32     3%  

---------------------------
Partition Resource Summary:
---------------------------

  No Partitions were found in this design.

---------------------------


=========================================================================
Timing Report

NOTE: THESE TIMING NUMBERS ARE ONLY A SYNTHESIS ESTIMATE.
      FOR ACCURATE TIMING INFORMATION PLEASE REFER TO THE TRACE REPORT
      GENERATED AFTER PLACE-and-ROUTE.

Clock Information:
------------------
-----------------------------------+------------------------+-------+
Clock Signal                       | Clock buffer(FF name)  | Load  |
-----------------------------------+------------------------+-------+
CLK                                | BUFGP                  | 56    |
-----------------------------------+------------------------+-------+

Asynchronous Control Signals Information:
----------------------------------------
No asynchronous control signals found in this design

Timing Summary:
---------------
Speed Grade: -2

   Minimum period: 2.372ns (Maximum Frequency: 421.498MHz)
   Minimum input arrival time before clock: 2.739ns
   Maximum output required time after clock: 2.320ns
   Maximum combinational path delay: No path found

Timing Details:
---------------
All values displayed in nanoseconds (ns)

=========================================================================
Timing constraint: Default period analysis for Clock 'CLK'
  Clock period: 2.372ns (frequency: 421.498MHz)
  Total number of paths / destination ports: 1080 / 60
-------------------------------------------------------------------------
Delay:               2.372ns (Levels of Logic = 3)
  Source:            s_lifo_state_FSM_FFd2_1 (FF)
  Destination:       s_lifo_regs_4_0 (FF)
  Source Clock:      CLK rising
  Destination Clock: CLK rising

  Data Path: s_lifo_state_FSM_FFd2_1 to s_lifo_regs_4_0
                                Gate     Net
    Cell:in->out      fanout   Delay   Delay  Logical Name (Net Name)
    ----------------------------------------  ------------
     FDC:C->Q              3   0.398   0.463  s_lifo_state_FSM_FFd2_1 (s_lifo_state_FSM_FFd2_1)
     LUT4:I2->O           40   0.105   0.582  Mmux_s_lifo_state[1]_X_6_o_wide_mux_178_OUT1031 (Mmux_s_lifo_state[1]_X_6_o_wide_mux_178_OUT103)
     LUT6:I4->O            1   0.105   0.599  Mmux_s_lifo_state[1]_X_6_o_wide_mux_181_OUT101 (Mmux_s_lifo_state[1]_X_6_o_wide_mux_181_OUT10)
     LUT5:I2->O            1   0.105   0.000  Mmux_s_lifo_state[1]_X_6_o_wide_mux_181_OUT102 (s_lifo_state[1]_X_6_o_wide_mux_181_OUT<4>)
     FDCE:D                    0.015          s_lifo_regs_4_4
    ----------------------------------------
    Total                      2.372ns (0.728ns logic, 1.644ns route)
                                       (30.7% logic, 69.3% route)

=========================================================================
Timing constraint: Default OFFSET IN BEFORE for Clock 'CLK'
  Total number of paths / destination ports: 776 / 166
-------------------------------------------------------------------------
Offset:              2.739ns (Levels of Logic = 5)
  Source:            MODE<0> (PAD)
  Destination:       s_lifo_regs_2_0 (FF)
  Destination Clock: CLK rising

  Data Path: MODE<0> to s_lifo_regs_2_0
                                Gate     Net
    Cell:in->out      fanout   Delay   Delay  Logical Name (Net Name)
    ----------------------------------------  ------------
     IBUF:I->O            46   0.001   0.583  MODE_0_IBUF (MODE_0_IBUF)
     LUT2:I0->O           40   0.105   0.911  _n0383_inv111 (_n0383_inv11)
     LUT6:I1->O            1   0.105   0.451  Mmux_s_lifo_state[1]_X_6_o_wide_mux_180_OUT101_SW1 (N74)
     LUT6:I4->O            1   0.105   0.357  Mmux_s_lifo_state[1]_X_6_o_wide_mux_180_OUT101 (Mmux_s_lifo_state[1]_X_6_o_wide_mux_180_OUT10)
     LUT3:I2->O            1   0.105   0.000  Mmux_s_lifo_state[1]_X_6_o_wide_mux_180_OUT103 (s_lifo_state[1]_X_6_o_wide_mux_180_OUT<4>)
     FDCE:D                    0.015          s_lifo_regs_3_4
    ----------------------------------------
    Total                      2.739ns (0.436ns logic, 2.303ns route)
                                       (15.9% logic, 84.1% route)

=========================================================================
Timing constraint: Default OFFSET OUT AFTER for Clock 'CLK'
  Total number of paths / destination ports: 170 / 18
-------------------------------------------------------------------------
Offset:              2.320ns (Levels of Logic = 3)
  Source:            process_LIFO.pointer_1 (FF)
  Destination:       TOS_1<7> (PAD)
  Source Clock:      CLK rising

  Data Path: process_LIFO.pointer_1 to TOS_1<7>
                                Gate     Net
    Cell:in->out      fanout   Delay   Delay  Logical Name (Net Name)
    ----------------------------------------  ------------
     FDCE:C->Q            95   0.398   0.922  process_LIFO.pointer_1 (process_LIFO.pointer_1)
     LUT5:I0->O            1   0.105   0.451  Mmux_TOS_1122 (Mmux_TOS_1121)
     LUT3:I1->O            1   0.105   0.339  Mmux_TOS_1123 (TOS_1_5_OBUF)
     OBUF:I->O                 0.000          TOS_1_5_OBUF (TOS_1<5>)
    ----------------------------------------
    Total                      2.320ns (0.608ns logic, 1.712ns route)
                                       (26.2% logic, 73.8% route)

=========================================================================

Cross Clock Domains Report:
--------------------------

Clock to Setup on destination clock CLK
---------------+---------+---------+---------+---------+
               | Src:Rise| Src:Fall| Src:Rise| Src:Fall|
Source Clock   |Dest:Rise|Dest:Rise|Dest:Fall|Dest:Fall|
---------------+---------+---------+---------+---------+
CLK            |    2.372|         |         |         |
---------------+---------+---------+---------+---------+

=========================================================================


Total REAL time to Xst completion: 6.00 secs
Total CPU time to Xst completion: 6.17 secs
 
--> 

Total memory usage is 4701000 kilobytes

Number of errors   :    0 (   0 filtered)
Number of warnings :    0 (   0 filtered)
Number of infos    :    2 (   0 filtered)

